Running nvme/003
disconnected 1 controller(s)
Test complete
