Running nvme/004
disconnected 1 controller(s)
Test complete
