Running nvme/008
disconnected 1 controller(s)
Test complete
