Running nvme/009
NQN:blktests-subsystem-1 disconnected 1 controller(s)
Test complete
