Running nvme/010
disconnected 1 controller(s)
Test complete
