Running nvme/012
disconnected 1 controller(s)
Test complete
