Running nvme/013
NQN:blktests-subsystem-1 disconnected 1 controller(s)
Test complete
