Running nvme/015
NVMe Flush: success
NQN:blktests-subsystem-1 disconnected 1 controller(s)
Test complete
