Running nvme/019
NVMe DSM: success
NQN:blktests-subsystem-1 disconnected 1 controller(s)
Test complete
