Running nvme/033
disconnected 1 controller(s)
Test complete
