Running nvme/034
disconnected 1 controller(s)
Test complete
