Running nvme/035
disconnected 1 controller(s)
Test complete
