Running nvme/036
disconnected 1 controller(s)
Test complete
