Running nvme/048
disconnected 1 controller(s)
Test complete
