Running nvme/055
ANA failover
ANA failback
disconnected 4 controller(s)
Test complete
