Running nvme/056
Remap namespace #0
Remap namespace #1
Remap namespace #2
Remap namespace #3
Remap namespace #4
Remap namespace #5
Remap namespace #6
Remap namespace #7
Remap namespace #8
Remap namespace #9
Remap namespace #10
disconnected 6 controller(s)
Test complete
